
SQL*Loader: Release 21.0.0.0.0 - Production on Thu Aug 27 22:56:52 2026
Version 21.3.0.0.0

Copyright (c) 1982, 2021, Oracle and/or its affiliates.  All rights reserved.

Control File:   sql\ctl\01_customers.ctl
Data File:      C:\Users\Sam\OneDrive\Documents\PROJECTS\DataAnalyst\E-Commerce-360-Analytics\data\processed\customers.csv
  Bad File:     sql\ctl\customers.bad
  Discard File:  none specified
 
 (Allow all discards)

Number to load: ALL
Number to skip: 1
Errors allowed: 50
Bind array:     250 rows, maximum of 1048576 bytes
Continuation:    none specified
Path used:      Conventional

Table CUSTOMERS, loaded from every logical record.
Insert option in effect for this table: APPEND
TRAILING NULLCOLS option in effect

   Column Name                  Position   Len  Term Encl Datatype
------------------------------ ---------- ----- ---- ---- ---------------------
CUSTOMER_ID                         FIRST     *   ,  O(") CHARACTER            
CUSTOMER_UNIQUE_ID                   NEXT     *   ,  O(") CHARACTER            
CUSTOMER_ZIP_CODE_PREFIX             NEXT     *   ,  O(") CHARACTER            
CUSTOMER_CITY                        NEXT     *   ,  O(") CHARACTER            
CUSTOMER_STATE                       NEXT     *   ,  O(") CHARACTER            


Table CUSTOMERS:
  99441 Rows successfully loaded.
  0 Rows not loaded due to data errors.
  0 Rows not loaded because all WHEN clauses were failed.
  0 Rows not loaded because all fields were null.


Space allocated for bind array:                 322500 bytes(250 rows)
Read   buffer bytes: 1048576

Total logical records skipped:          1
Total logical records read:         99441
Total logical records rejected:         0
Total logical records discarded:        0

Run began on Thu Aug 27 22:56:52 2026
Run ended on Thu Aug 27 22:57:05 2026

Elapsed time was:     00:00:13.03
CPU time was:         00:00:01.00
