
SQL*Loader: Release 21.0.0.0.0 - Production on Thu Aug 27 23:00:20 2026
Version 21.3.0.0.0

Copyright (c) 1982, 2021, Oracle and/or its affiliates.  All rights reserved.

Control File:   sql\ctl\02_orders.ctl
Data File:      C:\Users\Sam\OneDrive\Documents\PROJECTS\DataAnalyst\E-Commerce-360-Analytics\data\processed\orders.csv
  Bad File:     sql\ctl\orders.bad
  Discard File:  none specified
 
 (Allow all discards)

Number to load: ALL
Number to skip: 1
Errors allowed: 50
Bind array:     250 rows, maximum of 1048576 bytes
Continuation:    none specified
Path used:      Conventional

Table ORDERS, loaded from every logical record.
Insert option in effect for this table: APPEND
TRAILING NULLCOLS option in effect

   Column Name                  Position   Len  Term Encl Datatype
------------------------------ ---------- ----- ---- ---- ---------------------
ORDER_ID                            FIRST     *   ,  O(") CHARACTER            
CUSTOMER_ID                          NEXT     *   ,  O(") CHARACTER            
ORDER_STATUS                         NEXT     *   ,  O(") CHARACTER            
ORDER_PURCHASE_TIMESTAMP             NEXT     *   ,  O(") DATETIME YYYY-MM-DD HH24:MI:SS
ORDER_APPROVED_AT                    NEXT     *   ,  O(") DATETIME YYYY-MM-DD HH24:MI:SS
ORDER_DELIVERED_CARRIER_DATE         NEXT     *   ,  O(") DATETIME YYYY-MM-DD HH24:MI:SS
ORDER_DELIVERED_CUSTOMER_DATE        NEXT     *   ,  O(") DATETIME YYYY-MM-DD HH24:MI:SS
ORDER_ESTIMATED_DELIVERY_DATE        NEXT     *   ,  O(") DATETIME YYYY-MM-DD HH24:MI:SS


Table ORDERS:
  99441 Rows successfully loaded.
  0 Rows not loaded due to data errors.
  0 Rows not loaded because all WHEN clauses were failed.
  0 Rows not loaded because all fields were null.


Space allocated for bind array:                 516000 bytes(250 rows)
Read   buffer bytes: 1048576

Total logical records skipped:          1
Total logical records read:         99441
Total logical records rejected:         0
Total logical records discarded:        0

Run began on Thu Aug 27 23:00:20 2026
Run ended on Thu Aug 27 23:00:32 2026

Elapsed time was:     00:00:12.11
CPU time was:         00:00:01.31
