
SQL*Loader: Release 21.0.0.0.0 - Production on Thu Aug 27 23:19:24 2026
Version 21.3.0.0.0

Copyright (c) 1982, 2021, Oracle and/or its affiliates.  All rights reserved.

Control File:   sql\ctl\08_category_translation.ctl
Data File:      C:\Users\Sam\OneDrive\Documents\PROJECTS\DataAnalyst\E-Commerce-360-Analytics\data\processed\product_category_name_translation.csv
  Bad File:     sql\ctl\product_category_name_translation.bad
  Discard File:  none specified
 
 (Allow all discards)

Number to load: ALL
Number to skip: 1
Errors allowed: 50
Bind array:     250 rows, maximum of 1048576 bytes
Continuation:    none specified
Path used:      Conventional

Table PRODUCT_CATEGORY_TRANSLATION, loaded from every logical record.
Insert option in effect for this table: APPEND
TRAILING NULLCOLS option in effect

   Column Name                  Position   Len  Term Encl Datatype
------------------------------ ---------- ----- ---- ---- ---------------------
PRODUCT_CATEGORY_NAME               FIRST     *   ,  O(") CHARACTER            
PRODUCT_CATEGORY_NAME_ENGLISH        NEXT     *   ,  O(") CHARACTER            


Table PRODUCT_CATEGORY_TRANSLATION:
  71 Rows successfully loaded.
  0 Rows not loaded due to data errors.
  0 Rows not loaded because all WHEN clauses were failed.
  0 Rows not loaded because all fields were null.


Space allocated for bind array:                 129000 bytes(250 rows)
Read   buffer bytes: 1048576

Total logical records skipped:          1
Total logical records read:            71
Total logical records rejected:         0
Total logical records discarded:        0

Run began on Thu Aug 27 23:19:24 2026
Run ended on Thu Aug 27 23:19:25 2026

Elapsed time was:     00:00:00.78
CPU time was:         00:00:00.16
