
SQL*Loader: Release 21.0.0.0.0 - Production on Thu Aug 27 23:20:38 2026
Version 21.3.0.0.0

Copyright (c) 1982, 2021, Oracle and/or its affiliates.  All rights reserved.

Control File:   sql\ctl\09_geolocation.ctl
Data File:      C:\Users\Sam\OneDrive\Documents\PROJECTS\DataAnalyst\E-Commerce-360-Analytics\data\processed\geolocation.csv
  Bad File:     sql\ctl\geolocation.bad
  Discard File:  none specified
 
 (Allow all discards)

Number to load: ALL
Number to skip: 1
Errors allowed: 50
Bind array:     250 rows, maximum of 1048576 bytes
Continuation:    none specified
Path used:      Conventional

Table GEOLOCATION, loaded from every logical record.
Insert option in effect for this table: APPEND
TRAILING NULLCOLS option in effect

   Column Name                  Position   Len  Term Encl Datatype
------------------------------ ---------- ----- ---- ---- ---------------------
GEOLOCATION_ZIP_CODE_PREFIX         FIRST     *   ,  O(") CHARACTER            
GEOLOCATION_LAT                      NEXT     *   ,  O(") CHARACTER            
GEOLOCATION_LNG                      NEXT     *   ,  O(") CHARACTER            
GEOLOCATION_CITY                     NEXT     *   ,  O(") CHARACTER            
GEOLOCATION_STATE                    NEXT     *   ,  O(") CHARACTER            


Table GEOLOCATION:
  738332 Rows successfully loaded.
  0 Rows not loaded due to data errors.
  0 Rows not loaded because all WHEN clauses were failed.
  0 Rows not loaded because all fields were null.


Space allocated for bind array:                 322500 bytes(250 rows)
Read   buffer bytes: 1048576

Total logical records skipped:          1
Total logical records read:        738332
Total logical records rejected:         0
Total logical records discarded:        0

Run began on Thu Aug 27 23:20:38 2026
Run ended on Thu Aug 27 23:20:55 2026

Elapsed time was:     00:00:17.22
CPU time was:         00:00:04.75
